AGAAGAGACA
ATGTAAGGA
GTCCCGGGC
GCTGAAGTCGG
ATGGCCAGG
TCGATGGCGC
CTAGCCTTA
AGTTTTTCTGA
GTGCCCGCTGG
TATAGTGCA
ATGTGTGGT
ACCGTCACTTA
TTGCTTGGCG
GTCATACTT
CGGCCGGCAG
TTTGACCTTA
ATGGGGAGACT
AGTCGACGGT
CGTTACAGTT
GGCAAGGCGG
CGTGCGCTCCA
CCAAATACGCG
CAGTTGTAG
TATGCGTAT
CATCGAAGCG
CCATACCCCC
GGATCGCCG
TACAATCGC
ACACCCAAGT
AGCATAAGG
TCTACGACAA
AACTGAGTT
TTGTGCAAC
CAGCAATGCGG
ATCTAGCAG
GACGGACGT
TCATTAAGTAG
TCGGGTTCTGT
TCGAGCCAT
TAAGCGATCAG
ATTATATAGG
CAAAATTCT
TCTTGGTAAA
TCAATCCAAAC
GCCGTGCTCT
TAGTCAGCAG
GCTGTTCCC
ATTCCTGGT
GATCAGTCGG
TGCACAAGT
GTCCTGCAA
CAGAACAAGAA
TGAATGACG
GAGGACGGATT
GAAGGCATTG
CAGCTGTATT
TCACGTGCGCC
GTAGACATGA
GAGTAGGAG
CAATTAGGCCT
TTCTAGAGC
GACAGGTGGCT
GGTTCACTC
GTTGTCCTTA
GATTGATAT
CAAAGCGTGCC
GACGAGTCTC
AGCTGAGCACG
TTCCAGCTC
ACGGTTAGTA
GGTTATTGTTA
GGTGTGGGT
AGAGGACCTG
ACCGGTCTTA
GCTCGGCGA
TTACAATAA
CGACTTGACCG
GAGGATTCC
